 ###### HASH TABLE ######
 0. -she-
 1. -a-
 2. -when-
 3. -to-
 4. -group-
 5. -learning-
 6. -bees-
 7. -carefully-
 8. -campus-
 9. -study-
10. -was-
11. -about-
12. -arrived-
13. -on-
14. -assigned-
 --- CAPACITY: 16, SIZE: 15 ---

