'when' added!
'arrived' added!
'was' added!
'on' added!
'campus' added!
'about' added!
'she' added!
'was' failed!
'assigned' added!
'to' added!
'a' added!
'study' added!
'a' failed!
'group' added!
'carefully' added!
'arrived' failed!
'learning' added!
'about' failed!
'group' failed!
'bees' added!
 ###### HASH TABLE ######
 0. -she-
 1. -a-
 2. -when-
 3. -to-
 4. -group-
 5. -learning-
 6. -bees-
 7. -carefully-
 8. -campus-
 9. -study-
10. -was-
11. -about-
12. -arrived-
13. -on-
14. -assigned-
 --- CAPACITY: 16, SIZE: 15 ---

 ###### START REMOVALS ######
'when' removed!
'arrived' removed!
'was' removed!
'on' removed!
'campus' removed!
'about' removed!
'she' removed!
'was' failed!
'assigned' removed!
'to' removed!
'a' removed!
'study' removed!
'a' failed!
'group' removed!
'carefully' removed!
'arrived' failed!
'learning' removed!
'about' failed!
'group' failed!
'bees' removed!
 ###### HASH TABLE ######
 --- CAPACITY: 16, SIZE: 0 ---

